// Jest Snapshot v1, https://goo.gl/fbAQLP

exports[`should correctly render LoadingPage 1`] = `
<div
  className="loader"
>
  <img
    alt=""
    className="loader__image"
    src="/images/loader.gif"
  />
  <h3
    className="loader__text"
  >
    Loading ...
  </h3>
</div>
`;
